ASxxxx Linker V03.00 + NoICE + sdld,  page 1.
Hexadecimal  [32-Bits]

Area                                    Addr        Size        Decimal Bytes (Attributes)
--------------------------------        ----        ----        ------- ----- ------------
CABS                                00000000    00000000 =           0. bytes (ABS,CON,CODE)

      Value  Global                              Global Defined In Module
      -----  --------------------------------   ------------------------
C:   00000000  l_BIT_BANK                      
C:   00000000  l_BSEG                          
C:   00000000  l_BSEG_BYTES                    
C:   00000000  l_CABS                          
C:   00000000  l_CONST                         
C:   00000000  l_GSINIT                        
C:   00000000  l_GSINIT1                       
C:   00000000  l_GSINIT5                       
C:   00000000  l_IABS                          
C:   00000000  l_ISEG                          
C:   00000000  l_OSEG                          
C:   00000000  l_PSEG                          
C:   00000000  l_REG_BANK_1                    
C:   00000000  l_REG_BANK_2                    
C:   00000000  l_REG_BANK_3                    
C:   00000000  l_RSEG                          
C:   00000000  l_RSEG0                         
C:   00000000  l_RSEG1                         
C:   00000000  l_XABS                          
C:   00000000  l_XINIT                         
C:   00000000  l_XISEG                         
C:   00000000  l_XSEG                          
C:   00000000  l__CODE                         
C:   00000000  s_BSEG                          
C:   00000000  s_CABS                          
C:   00000000  s_DSEG                          
C:   00000000  s_HOME                          
C:   00000000  s_IABS                          
C:   00000000  s_ISEG                          
C:   00000000  s_REG_BANK_0                    
C:   00000000  s_RSEG                          
C:   00000000  s_RSEG0                         
C:   00000000  s_RSEG1                         
C:   00000000  s_XABS                          
C:   00000001  s_PSEG                          
C:   00000001  s_XISEG                         
C:   00000001  s_XSEG                          
C:   00000003  l_GSFINAL                       
C:   00000003  l_GSINIT0                       
C:   00000006  l_HOME                          
C:   00000006  s_GSINIT0                       
C:   00000008  l_REG_BANK_0                    
C:   00000008  s_REG_BANK_1                    
C:   00000008  s_SSEG                          
C:   00000009  s_GSINIT1                       
C:   00000009  s_GSINIT2                       
C:   0000000A  l_GSINIT2                       
C:   00000010  s_REG_BANK_2                    
C:   00000013  s_GSINIT3                       
C:   00000018  l_CSEG                          
ASxxxx Linker V03.00 + NoICE + sdld,  page 2.
Hexadecimal  [32-Bits]

Area                                    Addr        Size        Decimal Bytes (Attributes)
--------------------------------        ----        ----        ------- ----- ------------
CABS                                00000000    00000000 =           0. bytes (ABS,CON,CODE)

      Value  Global                              Global Defined In Module
      -----  --------------------------------   ------------------------
C:   00000018  s_BIT_BANK                      
C:   00000018  s_OSEG                          
C:   00000018  s_REG_BANK_3                    
C:   00000020  s_BSEG_BYTES                    
C:   00000020  s__CODE                         
C:   00000022  l_GSINIT3                       
C:   0000002A  l_GSINIT4                       
C:   00000035  s_GSINIT4                       
C:   0000005F  s_GSFINAL                       
C:   0000005F  s_GSINIT                        
C:   0000005F  s_GSINIT5                       
C:   00000062  s_CSEG                          
C:   0000007A  s_CONST                         
C:   0000007A  s_XINIT                         
C:   00000080  l_DSEG                          
C:   000000F8  l_SSEG                          
C:   00000100  l_IRAM                          

ASxxxx Linker V03.00 + NoICE + sdld,  page 3.
Hexadecimal  [32-Bits]

Area                                    Addr        Size        Decimal Bytes (Attributes)
--------------------------------        ----        ----        ------- ----- ------------
.  .ABS.                            00000000    00000000 =           0. bytes (ABS,CON)

      Value  Global                              Global Defined In Module
      -----  --------------------------------   ------------------------
     00000000  .__.ABS.                           _startup
     00000080  G$P0$0$0                           serial
     00000080  G$P0_0$0$0                         serial
     00000080  _P0                                serial
     00000080  _P0_0                              serial
     00000081  G$P0_1$0$0                         serial
     00000081  G$SP$0$0                           serial
     00000081  _P0_1                              serial
     00000081  _SP                                serial
     00000082  G$DPL$0$0                          serial
     00000082  G$P0_2$0$0                         serial
     00000082  _DPL                               serial
     00000082  _P0_2                              serial
     00000083  G$DPH$0$0                          serial
     00000083  G$P0_3$0$0                         serial
     00000083  _DPH                               serial
     00000083  _P0_3                              serial
     00000084  G$P0_4$0$0                         serial
     00000084  _P0_4                              serial
     00000085  G$P0_5$0$0                         serial
     00000085  _P0_5                              serial
     00000086  G$P0_6$0$0                         serial
     00000086  _P0_6                              serial
     00000087  G$P0_7$0$0                         serial
     00000087  G$PCON$0$0                         serial
     00000087  _P0_7                              serial
     00000087  _PCON                              serial
     00000088  G$IT0$0$0                          serial
     00000088  G$TCON$0$0                         serial
     00000088  _IT0                               serial
     00000088  _TCON                              serial
     00000089  G$IE0$0$0                          serial
     00000089  G$TMOD$0$0                         serial
     00000089  _IE0                               serial
     00000089  _TMOD                              serial
     0000008A  G$IT1$0$0                          serial
     0000008A  G$TL0$0$0                          serial
     0000008A  _IT1                               serial
     0000008A  _TL0                               serial
     0000008B  G$IE1$0$0                          serial
     0000008B  G$TL1$0$0                          serial
     0000008B  _IE1                               serial
     0000008B  _TL1                               serial
     0000008C  G$TH0$0$0                          serial
     0000008C  G$TR0$0$0                          serial
     0000008C  _TH0                               serial
     0000008C  _TR0                               serial
     0000008D  G$TF0$0$0                          serial
     0000008D  G$TH1$0$0                          serial
     0000008D  _TF0                               serial
ASxxxx Linker V03.00 + NoICE + sdld,  page 4.
Hexadecimal  [32-Bits]

Area                                    Addr        Size        Decimal Bytes (Attributes)
--------------------------------        ----        ----        ------- ----- ------------
.  .ABS.                            00000000    00000000 =           0. bytes (ABS,CON)

      Value  Global                              Global Defined In Module
      -----  --------------------------------   ------------------------
     0000008D  _TH1                               serial
     0000008E  G$TR1$0$0                          serial
     0000008E  _TR1                               serial
     0000008F  G$TF1$0$0                          serial
     0000008F  _TF1                               serial
     00000090  G$P1$0$0                           serial
     00000090  G$P1_0$0$0                         serial
     00000090  G$T2$0$0                           serial
     00000090  _P1                                serial
     00000090  _P1_0                              serial
     00000090  _T2                                serial
     00000091  G$P1_1$0$0                         serial
     00000091  G$T2EX$0$0                         serial
     00000091  _P1_1                              serial
     00000091  _T2EX                              serial
     00000092  G$P1_2$0$0                         serial
     00000092  _P1_2                              serial
     00000093  G$P1_3$0$0                         serial
     00000093  _P1_3                              serial
     00000094  G$P1_4$0$0                         serial
     00000094  _P1_4                              serial
     00000095  G$P1_5$0$0                         serial
     00000095  _P1_5                              serial
     00000096  G$P1_6$0$0                         serial
     00000096  _P1_6                              serial
     00000097  G$P1_7$0$0                         serial
     00000097  _P1_7                              serial
     00000098  G$RI$0$0                           serial
     00000098  G$SCON$0$0                         serial
     00000098  _RI                                serial
     00000098  _SCON                              serial
     00000099  G$SBUF$0$0                         serial
     00000099  G$TI$0$0                           serial
     00000099  _SBUF                              serial
     00000099  _TI                                serial
     0000009A  G$RB8$0$0                          serial
     0000009A  _RB8                               serial
     0000009B  G$TB8$0$0                          serial
     0000009B  _TB8                               serial
     0000009C  G$REN$0$0                          serial
     0000009C  _REN                               serial
     0000009D  G$SM2$0$0                          serial
     0000009D  _SM2                               serial
     0000009E  G$SM1$0$0                          serial
     0000009E  _SM1                               serial
     0000009F  G$SM0$0$0                          serial
     0000009F  _SM0                               serial
     000000A0  G$P2$0$0                           serial
     000000A0  G$P2_0$0$0                         serial
     000000A0  _P2                                serial
     000000A0  _P2_0                              serial
ASxxxx Linker V03.00 + NoICE + sdld,  page 5.
Hexadecimal  [32-Bits]

Area                                    Addr        Size        Decimal Bytes (Attributes)
--------------------------------        ----        ----        ------- ----- ------------
.  .ABS.                            00000000    00000000 =           0. bytes (ABS,CON)

      Value  Global                              Global Defined In Module
      -----  --------------------------------   ------------------------
     000000A0  __XPAGE                            
     000000A1  G$P2_1$0$0                         serial
     000000A1  _P2_1                              serial
     000000A2  G$P2_2$0$0                         serial
     000000A2  _P2_2                              serial
     000000A3  G$P2_3$0$0                         serial
     000000A3  _P2_3                              serial
     000000A4  G$P2_4$0$0                         serial
     000000A4  _P2_4                              serial
     000000A5  G$P2_5$0$0                         serial
     000000A5  _P2_5                              serial
     000000A6  G$P2_6$0$0                         serial
     000000A6  _P2_6                              serial
     000000A7  G$P2_7$0$0                         serial
     000000A7  _P2_7                              serial
     000000A8  G$EX0$0$0                          serial
     000000A8  G$IE$0$0                           serial
     000000A8  _EX0                               serial
     000000A8  _IE                                serial
     000000A9  G$ET0$0$0                          serial
     000000A9  _ET0                               serial
     000000AA  G$EX1$0$0                          serial
     000000AA  _EX1                               serial
     000000AB  G$ET1$0$0                          serial
     000000AB  _ET1                               serial
     000000AC  G$ES$0$0                           serial
     000000AC  _ES                                serial
     000000AD  G$ET2$0$0                          serial
     000000AD  _ET2                               serial
     000000AF  G$EA$0$0                           serial
     000000AF  _EA                                serial
     000000B0  G$P3$0$0                           serial
     000000B0  G$P3_0$0$0                         serial
     000000B0  G$RXD$0$0                          serial
     000000B0  _P3                                serial
     000000B0  _P3_0                              serial
     000000B0  _RXD                               serial
     000000B1  G$P3_1$0$0                         serial
     000000B1  G$TXD$0$0                          serial
     000000B1  _P3_1                              serial
     000000B1  _TXD                               serial
     000000B2  G$INT0$0$0                         serial
     000000B2  G$P3_2$0$0                         serial
     000000B2  _INT0                              serial
     000000B2  _P3_2                              serial
     000000B3  G$INT1$0$0                         serial
     000000B3  G$P3_3$0$0                         serial
     000000B3  _INT1                              serial
     000000B3  _P3_3                              serial
     000000B4  G$P3_4$0$0                         serial
     000000B4  G$T0$0$0                           serial
ASxxxx Linker V03.00 + NoICE + sdld,  page 6.
Hexadecimal  [32-Bits]

Area                                    Addr        Size        Decimal Bytes (Attributes)
--------------------------------        ----        ----        ------- ----- ------------
.  .ABS.                            00000000    00000000 =           0. bytes (ABS,CON)

      Value  Global                              Global Defined In Module
      -----  --------------------------------   ------------------------
     000000B4  _P3_4                              serial
     000000B4  _T0                                serial
     000000B5  G$P3_5$0$0                         serial
     000000B5  G$T1$0$0                           serial
     000000B5  _P3_5                              serial
     000000B5  _T1                                serial
     000000B6  G$P3_6$0$0                         serial
     000000B6  G$WR$0$0                           serial
     000000B6  _P3_6                              serial
     000000B6  _WR                                serial
     000000B7  G$P3_7$0$0                         serial
     000000B7  G$RD$0$0                           serial
     000000B7  _P3_7                              serial
     000000B7  _RD                                serial
     000000B8  G$IP$0$0                           serial
     000000B8  G$PX0$0$0                          serial
     000000B8  _IP                                serial
     000000B8  _PX0                               serial
     000000B9  G$PT0$0$0                          serial
     000000B9  _PT0                               serial
     000000BA  G$PX1$0$0                          serial
     000000BA  _PX1                               serial
     000000BB  G$PT1$0$0                          serial
     000000BB  _PT1                               serial
     000000BC  G$PS$0$0                           serial
     000000BC  _PS                                serial
     000000BD  G$PT2$0$0                          serial
     000000BD  _PT2                               serial
     000000C8  G$CP_RL2$0$0                       serial
     000000C8  G$T2CON$0$0                        serial
     000000C8  G$T2CON_0$0$0                      serial
     000000C8  _CP_RL2                            serial
     000000C8  _T2CON                             serial
     000000C8  _T2CON_0                           serial
     000000C9  G$C_T2$0$0                         serial
     000000C9  G$T2CON_1$0$0                      serial
     000000C9  G$T2MOD$0$0                        serial
     000000C9  _C_T2                              serial
     000000C9  _T2CON_1                           serial
     000000C9  _T2MOD                             serial
     000000CA  G$RCAP2L$0$0                       serial
     000000CA  G$T2CON_2$0$0                      serial
     000000CA  G$TR2$0$0                          serial
     000000CA  _RCAP2L                            serial
     000000CA  _T2CON_2                           serial
     000000CA  _TR2                               serial
     000000CB  G$EXEN2$0$0                        serial
     000000CB  G$RCAP2H$0$0                       serial
     000000CB  G$T2CON_3$0$0                      serial
     000000CB  _EXEN2                             serial
     000000CB  _RCAP2H                            serial
ASxxxx Linker V03.00 + NoICE + sdld,  page 7.
Hexadecimal  [32-Bits]

Area                                    Addr        Size        Decimal Bytes (Attributes)
--------------------------------        ----        ----        ------- ----- ------------
.  .ABS.                            00000000    00000000 =           0. bytes (ABS,CON)

      Value  Global                              Global Defined In Module
      -----  --------------------------------   ------------------------
     000000CB  _T2CON_3                           serial
     000000CC  G$T2CON_4$0$0                      serial
     000000CC  G$TCLK$0$0                         serial
     000000CC  G$TL2$0$0                          serial
     000000CC  _T2CON_4                           serial
     000000CC  _TCLK                              serial
     000000CC  _TL2                               serial
     000000CD  G$RCLK$0$0                         serial
     000000CD  G$T2CON_5$0$0                      serial
     000000CD  G$TH2$0$0                          serial
     000000CD  _RCLK                              serial
     000000CD  _T2CON_5                           serial
     000000CD  _TH2                               serial
     000000CE  G$EXF2$0$0                         serial
     000000CE  G$T2CON_6$0$0                      serial
     000000CE  _EXF2                              serial
     000000CE  _T2CON_6                           serial
     000000CF  G$T2CON_7$0$0                      serial
     000000CF  G$TF2$0$0                          serial
     000000CF  _T2CON_7                           serial
     000000CF  _TF2                               serial
     000000D0  G$P$0$0                            serial
     000000D0  G$PSW$0$0                          serial
     000000D0  _P                                 serial
     000000D0  _PSW                               serial
     000000D1  G$FL$0$0                           serial
     000000D1  _FL                                serial
     000000D2  G$OV$0$0                           serial
     000000D2  _OV                                serial
     000000D3  G$RS0$0$0                          serial
     000000D3  _RS0                               serial
     000000D4  G$RS1$0$0                          serial
     000000D4  _RS1                               serial
     000000D5  G$F0$0$0                           serial
     000000D5  _F0                                serial
     000000D6  G$AC$0$0                           serial
     000000D6  _AC                                serial
     000000D7  G$CY$0$0                           serial
     000000D7  _CY                                serial
     000000E0  G$A$0$0                            serial
     000000E0  G$ACC$0$0                          serial
     000000E0  _A                                 serial
     000000E0  _ACC                               serial
     000000F0  G$B$0$0                            serial
     000000F0  _B                                 serial

ASxxxx Linker V03.00 + NoICE + sdld,  page 8.
Hexadecimal  [32-Bits]

Area                                    Addr        Size        Decimal Bytes (Attributes)
--------------------------------        ----        ----        ------- ----- ------------
REG_BANK_0                          00000000    00000008 =           8. bytes (REL,OVR)

      Value  Global                              Global Defined In Module
      -----  --------------------------------   ------------------------
ASxxxx Linker V03.00 + NoICE + sdld,  page 9.
Hexadecimal  [32-Bits]

Area                                    Addr        Size        Decimal Bytes (Attributes)
--------------------------------        ----        ----        ------- ----- ------------
DSEG                                00000000    00000080 =         128. bytes (REL,CON)

      Value  Global                              Global Defined In Module
      -----  --------------------------------   ------------------------
ASxxxx Linker V03.00 + NoICE + sdld,  page 10.
Hexadecimal  [32-Bits]

Area                                    Addr        Size        Decimal Bytes (Attributes)
--------------------------------        ----        ----        ------- ----- ------------
SSEG                                00000008    000000F8 =         248. bytes (REL,OVR)

      Value  Global                              Global Defined In Module
      -----  --------------------------------   ------------------------
     00000008  __start__stack                     serial

ASxxxx Linker V03.00 + NoICE + sdld,  page 11.
Hexadecimal  [32-Bits]

Area                                    Addr        Size        Decimal Bytes (Attributes)
--------------------------------        ----        ----        ------- ----- ------------
HOME                                00000000    00000006 =           6. bytes (REL,CON,CODE)

      Value  Global                              Global Defined In Module
      -----  --------------------------------   ------------------------
C:   00000000  A$serial$455                       serial
C:   00000003  A$serial$477                       serial
C:   00000003  __sdcc_program_startup             serial
ASxxxx Linker V03.00 + NoICE + sdld,  page 12.
Hexadecimal  [32-Bits]

Area                                    Addr        Size        Decimal Bytes (Attributes)
--------------------------------        ----        ----        ------- ----- ------------
GSINIT0                             00000006    00000003 =           3. bytes (REL,CON,CODE)

      Value  Global                              Global Defined In Module
      -----  --------------------------------   ------------------------
C:   00000006  __sdcc_gsinit_startup              

ASxxxx Linker V03.00 + NoICE + sdld,  page 13.
Hexadecimal  [32-Bits]

Area                                    Addr        Size        Decimal Bytes (Attributes)
--------------------------------        ----        ----        ------- ----- ------------
GSINIT2                             00000009    0000000A =          10. bytes (REL,CON,CODE)

      Value  Global                              Global Defined In Module
      -----  --------------------------------   ------------------------
ASxxxx Linker V03.00 + NoICE + sdld,  page 14.
Hexadecimal  [32-Bits]

Area                                    Addr        Size        Decimal Bytes (Attributes)
--------------------------------        ----        ----        ------- ----- ------------
GSINIT3                             00000013    00000022 =          34. bytes (REL,CON,CODE)

      Value  Global                              Global Defined In Module
      -----  --------------------------------   ------------------------
C:   00000013  __mcs51_genXINIT                   

ASxxxx Linker V03.00 + NoICE + sdld,  page 15.
Hexadecimal  [32-Bits]

Area                                    Addr        Size        Decimal Bytes (Attributes)
--------------------------------        ----        ----        ------- ----- ------------
GSINIT4                             00000035    0000002A =          42. bytes (REL,CON,CODE)

      Value  Global                              Global Defined In Module
      -----  --------------------------------   ------------------------
C:   00000035  __mcs51_genRAMCLEAR                
C:   0000003B  __mcs51_genXRAMCLEAR               

ASxxxx Linker V03.00 + NoICE + sdld,  page 16.
Hexadecimal  [32-Bits]

Area                                    Addr        Size        Decimal Bytes (Attributes)
--------------------------------        ----        ----        ------- ----- ------------
GSFINAL                             0000005F    00000003 =           3. bytes (REL,CON,CODE)

      Value  Global                              Global Defined In Module
      -----  --------------------------------   ------------------------
C:   0000005F  A$serial$470                       serial

ASxxxx Linker V03.00 + NoICE + sdld,  page 17.
Hexadecimal  [32-Bits]

Area                                    Addr        Size        Decimal Bytes (Attributes)
--------------------------------        ----        ----        ------- ----- ------------
CSEG                                00000062    00000018 =          24. bytes (REL,CON,CODE)

      Value  Global                              Global Defined In Module
      -----  --------------------------------   ------------------------
C:   00000062  A$serial$503                       serial
C:   00000062  C$serial.c$3$0$0                   serial
C:   00000062  C$serial.c$5$1$2                   serial
C:   00000062  G$main$0$0                         serial
C:   00000062  _main                              serial
C:   00000065  A$serial$506                       serial
C:   00000065  C$serial.c$6$1$2                   serial
C:   00000068  A$serial$509                       serial
C:   00000068  C$serial.c$7$1$2                   serial
C:   0000006B  A$serial$512                       serial
C:   0000006B  C$serial.c$8$1$2                   serial
C:   0000006D  A$serial$515                       serial
C:   0000006D  C$serial.c$9$1$2                   serial
C:   00000070  A$serial$521                       serial
C:   00000070  C$serial.c$10$1$2                  serial
C:   00000070  C$serial.c$11$1$2                  serial
C:   00000073  A$serial$522                       serial
C:   00000075  A$serial$526                       serial
C:   00000075  C$serial.c$12$1$2                  serial
C:   00000075  XG$main$0$0                        serial
C:   00000076  __sdcc_external_startup            _startup
ASxxxx Linker V03.00 + NoICE + sdld,  page 18.

Files Linked                              [ module(s) ]

serial.rel                                [  ]


Libraries Linked                          [ object file ]

C:\Program Files\SDCC\bin\..\lib\small/mcs51.lib
                                          [ crtclear.rel ]
C:\Program Files\SDCC\bin\..\lib\small/mcs51.lib
                                          [ crtxinit.rel ]
C:\Program Files\SDCC\bin\..\lib\small/mcs51.lib
                                          [ crtxclear.rel ]
C:\Program Files\SDCC\bin\..\lib\small/mcs51.lib
                                          [ crtpagesfr.rel ]
C:\Program Files\SDCC\bin\..\lib\small/mcs51.lib
                                          [ crtstart.rel ]
C:\Program Files\SDCC\bin\..\lib\small/libsdcc.lib
                                          [ _startup.rel ]

ASxxxx Linker V03.00 + NoICE + sdld,  page 19.

User Base Address Definitions

HOME = 0x0000
XSEG = 0x0001
PSEG = 0x0001
ISEG = 0x0000
BSEG = 0x0000

