ASxxxx Linker V03.00 + NoICE + sdld,  page 1.
Hexadecimal  [32-Bits]

Area                                    Addr        Size        Decimal Bytes (Attributes)
--------------------------------        ----        ----        ------- ----- ------------
CABS                                00000000    00000000 =           0. bytes (ABS,CON,CODE)

      Value  Global                              Global Defined In Module
      -----  --------------------------------   ------------------------
C:   00000000  l_BIT_BANK                      
C:   00000000  l_BSEG                          
C:   00000000  l_BSEG_BYTES                    
C:   00000000  l_CABS                          
C:   00000000  l_CONST                         
C:   00000000  l_GSINIT                        
C:   00000000  l_GSINIT1                       
C:   00000000  l_GSINIT5                       
C:   00000000  l_IABS                          
C:   00000000  l_ISEG                          
C:   00000000  l_PSEG                          
C:   00000000  l_REG_BANK_1                    
C:   00000000  l_REG_BANK_2                    
C:   00000000  l_REG_BANK_3                    
C:   00000000  l_RSEG                          
C:   00000000  l_RSEG0                         
C:   00000000  l_RSEG1                         
C:   00000000  l_XABS                          
C:   00000000  l_XINIT                         
C:   00000000  l_XISEG                         
C:   00000000  l_XSEG                          
C:   00000000  l__CODE                         
C:   00000000  s_BSEG                          
C:   00000000  s_CABS                          
C:   00000000  s_DSEG                          
C:   00000000  s_HOME                          
C:   00000000  s_IABS                          
C:   00000000  s_ISEG                          
C:   00000000  s_REG_BANK_0                    
C:   00000000  s_RSEG                          
C:   00000000  s_RSEG0                         
C:   00000000  s_RSEG1                         
C:   00000000  s_XABS                          
C:   00000001  s_PSEG                          
C:   00000001  s_XISEG                         
C:   00000001  s_XSEG                          
C:   00000002  l_OSEG                          
C:   00000003  l_GSFINAL                       
C:   00000003  l_GSINIT0                       
C:   00000006  l_HOME                          
C:   00000006  s_GSINIT0                       
C:   00000008  l_REG_BANK_0                    
C:   00000008  s_OSEG                          
C:   00000008  s_REG_BANK_1                    
C:   00000009  s_GSINIT1                       
C:   00000009  s_GSINIT2                       
C:   0000000A  l_GSINIT2                       
C:   0000000A  s_SSEG                          
C:   00000010  s_REG_BANK_2                    
C:   00000013  s_GSINIT3                       
ASxxxx Linker V03.00 + NoICE + sdld,  page 2.
Hexadecimal  [32-Bits]

Area                                    Addr        Size        Decimal Bytes (Attributes)
--------------------------------        ----        ----        ------- ----- ------------
CABS                                00000000    00000000 =           0. bytes (ABS,CON,CODE)

      Value  Global                              Global Defined In Module
      -----  --------------------------------   ------------------------
C:   00000018  s_BIT_BANK                      
C:   00000018  s_REG_BANK_3                    
C:   00000020  s_BSEG_BYTES                    
C:   00000020  s__CODE                         
C:   00000022  l_GSINIT3                       
C:   0000002A  l_GSINIT4                       
C:   00000035  s_GSINIT4                       
C:   0000005F  s_GSFINAL                       
C:   0000005F  s_GSINIT                        
C:   0000005F  s_GSINIT5                       
C:   00000062  s_CSEG                          
C:   00000080  l_DSEG                          
C:   000000F6  l_SSEG                          
C:   00000100  l_IRAM                          
C:   00000274  l_CSEG                          
C:   000002D6  s_CONST                         
C:   000002D6  s_XINIT                         

ASxxxx Linker V03.00 + NoICE + sdld,  page 3.
Hexadecimal  [32-Bits]

Area                                    Addr        Size        Decimal Bytes (Attributes)
--------------------------------        ----        ----        ------- ----- ------------
.  .ABS.                            00000000    00000000 =           0. bytes (ABS,CON)

      Value  Global                              Global Defined In Module
      -----  --------------------------------   ------------------------
     00000000  .__.ABS.                           _startup
     00000080  G$P0$0$0                           asgn2_2
     00000080  G$P0_0$0$0                         asgn2_2
     00000080  _P0                                asgn2_2
     00000080  _P0_0                              asgn2_2
     00000081  G$P0_1$0$0                         asgn2_2
     00000081  G$SP$0$0                           asgn2_2
     00000081  _P0_1                              asgn2_2
     00000081  _SP                                asgn2_2
     00000082  G$DPL$0$0                          asgn2_2
     00000082  G$P0_2$0$0                         asgn2_2
     00000082  _DPL                               asgn2_2
     00000082  _P0_2                              asgn2_2
     00000083  G$DPH$0$0                          asgn2_2
     00000083  G$P0_3$0$0                         asgn2_2
     00000083  _DPH                               asgn2_2
     00000083  _P0_3                              asgn2_2
     00000084  G$P0_4$0$0                         asgn2_2
     00000084  _P0_4                              asgn2_2
     00000085  G$P0_5$0$0                         asgn2_2
     00000085  _P0_5                              asgn2_2
     00000086  G$P0_6$0$0                         asgn2_2
     00000086  _P0_6                              asgn2_2
     00000087  G$P0_7$0$0                         asgn2_2
     00000087  G$PCON$0$0                         asgn2_2
     00000087  _P0_7                              asgn2_2
     00000087  _PCON                              asgn2_2
     00000088  G$IT0$0$0                          asgn2_2
     00000088  G$TCON$0$0                         asgn2_2
     00000088  _IT0                               asgn2_2
     00000088  _TCON                              asgn2_2
     00000089  G$IE0$0$0                          asgn2_2
     00000089  G$TMOD$0$0                         asgn2_2
     00000089  _IE0                               asgn2_2
     00000089  _TMOD                              asgn2_2
     0000008A  G$IT1$0$0                          asgn2_2
     0000008A  G$TL0$0$0                          asgn2_2
     0000008A  _IT1                               asgn2_2
     0000008A  _TL0                               asgn2_2
     0000008B  G$IE1$0$0                          asgn2_2
     0000008B  G$TL1$0$0                          asgn2_2
     0000008B  _IE1                               asgn2_2
     0000008B  _TL1                               asgn2_2
     0000008C  G$TH0$0$0                          asgn2_2
     0000008C  G$TR0$0$0                          asgn2_2
     0000008C  _TH0                               asgn2_2
     0000008C  _TR0                               asgn2_2
     0000008D  G$TF0$0$0                          asgn2_2
     0000008D  G$TH1$0$0                          asgn2_2
     0000008D  _TF0                               asgn2_2
ASxxxx Linker V03.00 + NoICE + sdld,  page 4.
Hexadecimal  [32-Bits]

Area                                    Addr        Size        Decimal Bytes (Attributes)
--------------------------------        ----        ----        ------- ----- ------------
.  .ABS.                            00000000    00000000 =           0. bytes (ABS,CON)

      Value  Global                              Global Defined In Module
      -----  --------------------------------   ------------------------
     0000008D  _TH1                               asgn2_2
     0000008E  G$TR1$0$0                          asgn2_2
     0000008E  _TR1                               asgn2_2
     0000008F  G$TF1$0$0                          asgn2_2
     0000008F  _TF1                               asgn2_2
     00000090  G$P1$0$0                           asgn2_2
     00000090  G$P1_0$0$0                         asgn2_2
     00000090  G$T2$0$0                           asgn2_2
     00000090  _P1                                asgn2_2
     00000090  _P1_0                              asgn2_2
     00000090  _T2                                asgn2_2
     00000091  G$P1_1$0$0                         asgn2_2
     00000091  G$T2EX$0$0                         asgn2_2
     00000091  _P1_1                              asgn2_2
     00000091  _T2EX                              asgn2_2
     00000092  G$P1_2$0$0                         asgn2_2
     00000092  _P1_2                              asgn2_2
     00000093  G$P1_3$0$0                         asgn2_2
     00000093  _P1_3                              asgn2_2
     00000094  G$P1_4$0$0                         asgn2_2
     00000094  _P1_4                              asgn2_2
     00000095  G$P1_5$0$0                         asgn2_2
     00000095  _P1_5                              asgn2_2
     00000096  G$P1_6$0$0                         asgn2_2
     00000096  _P1_6                              asgn2_2
     00000097  G$P1_7$0$0                         asgn2_2
     00000097  _P1_7                              asgn2_2
     00000098  G$RI$0$0                           asgn2_2
     00000098  G$SCON$0$0                         asgn2_2
     00000098  _RI                                asgn2_2
     00000098  _SCON                              asgn2_2
     00000099  G$SBUF$0$0                         asgn2_2
     00000099  G$TI$0$0                           asgn2_2
     00000099  _SBUF                              asgn2_2
     00000099  _TI                                asgn2_2
     0000009A  G$RB8$0$0                          asgn2_2
     0000009A  _RB8                               asgn2_2
     0000009B  G$TB8$0$0                          asgn2_2
     0000009B  _TB8                               asgn2_2
     0000009C  G$REN$0$0                          asgn2_2
     0000009C  _REN                               asgn2_2
     0000009D  G$SM2$0$0                          asgn2_2
     0000009D  _SM2                               asgn2_2
     0000009E  G$SM1$0$0                          asgn2_2
     0000009E  _SM1                               asgn2_2
     0000009F  G$SM0$0$0                          asgn2_2
     0000009F  _SM0                               asgn2_2
     000000A0  G$P2$0$0                           asgn2_2
     000000A0  G$P2_0$0$0                         asgn2_2
     000000A0  _P2                                asgn2_2
     000000A0  _P2_0                              asgn2_2
ASxxxx Linker V03.00 + NoICE + sdld,  page 5.
Hexadecimal  [32-Bits]

Area                                    Addr        Size        Decimal Bytes (Attributes)
--------------------------------        ----        ----        ------- ----- ------------
.  .ABS.                            00000000    00000000 =           0. bytes (ABS,CON)

      Value  Global                              Global Defined In Module
      -----  --------------------------------   ------------------------
     000000A0  __XPAGE                            
     000000A1  G$P2_1$0$0                         asgn2_2
     000000A1  _P2_1                              asgn2_2
     000000A2  G$P2_2$0$0                         asgn2_2
     000000A2  _P2_2                              asgn2_2
     000000A3  G$P2_3$0$0                         asgn2_2
     000000A3  _P2_3                              asgn2_2
     000000A4  G$P2_4$0$0                         asgn2_2
     000000A4  _P2_4                              asgn2_2
     000000A5  G$P2_5$0$0                         asgn2_2
     000000A5  _P2_5                              asgn2_2
     000000A6  G$P2_6$0$0                         asgn2_2
     000000A6  _P2_6                              asgn2_2
     000000A7  G$P2_7$0$0                         asgn2_2
     000000A7  _P2_7                              asgn2_2
     000000A8  G$EX0$0$0                          asgn2_2
     000000A8  G$IE$0$0                           asgn2_2
     000000A8  _EX0                               asgn2_2
     000000A8  _IE                                asgn2_2
     000000A9  G$ET0$0$0                          asgn2_2
     000000A9  _ET0                               asgn2_2
     000000AA  G$EX1$0$0                          asgn2_2
     000000AA  _EX1                               asgn2_2
     000000AB  G$ET1$0$0                          asgn2_2
     000000AB  _ET1                               asgn2_2
     000000AC  G$ES$0$0                           asgn2_2
     000000AC  _ES                                asgn2_2
     000000AD  G$ET2$0$0                          asgn2_2
     000000AD  _ET2                               asgn2_2
     000000AF  G$EA$0$0                           asgn2_2
     000000AF  _EA                                asgn2_2
     000000B0  G$P3$0$0                           asgn2_2
     000000B0  G$P3_0$0$0                         asgn2_2
     000000B0  G$RXD$0$0                          asgn2_2
     000000B0  _P3                                asgn2_2
     000000B0  _P3_0                              asgn2_2
     000000B0  _RXD                               asgn2_2
     000000B1  G$P3_1$0$0                         asgn2_2
     000000B1  G$TXD$0$0                          asgn2_2
     000000B1  _P3_1                              asgn2_2
     000000B1  _TXD                               asgn2_2
     000000B2  G$INT0$0$0                         asgn2_2
     000000B2  G$P3_2$0$0                         asgn2_2
     000000B2  _INT0                              asgn2_2
     000000B2  _P3_2                              asgn2_2
     000000B3  G$INT1$0$0                         asgn2_2
     000000B3  G$P3_3$0$0                         asgn2_2
     000000B3  _INT1                              asgn2_2
     000000B3  _P3_3                              asgn2_2
     000000B4  G$P3_4$0$0                         asgn2_2
     000000B4  G$T0$0$0                           asgn2_2
ASxxxx Linker V03.00 + NoICE + sdld,  page 6.
Hexadecimal  [32-Bits]

Area                                    Addr        Size        Decimal Bytes (Attributes)
--------------------------------        ----        ----        ------- ----- ------------
.  .ABS.                            00000000    00000000 =           0. bytes (ABS,CON)

      Value  Global                              Global Defined In Module
      -----  --------------------------------   ------------------------
     000000B4  _P3_4                              asgn2_2
     000000B4  _T0                                asgn2_2
     000000B5  G$P3_5$0$0                         asgn2_2
     000000B5  G$T1$0$0                           asgn2_2
     000000B5  _P3_5                              asgn2_2
     000000B5  _T1                                asgn2_2
     000000B6  G$P3_6$0$0                         asgn2_2
     000000B6  G$WR$0$0                           asgn2_2
     000000B6  _P3_6                              asgn2_2
     000000B6  _WR                                asgn2_2
     000000B7  G$P3_7$0$0                         asgn2_2
     000000B7  G$RD$0$0                           asgn2_2
     000000B7  _P3_7                              asgn2_2
     000000B7  _RD                                asgn2_2
     000000B8  G$IP$0$0                           asgn2_2
     000000B8  G$PX0$0$0                          asgn2_2
     000000B8  _IP                                asgn2_2
     000000B8  _PX0                               asgn2_2
     000000B9  G$PT0$0$0                          asgn2_2
     000000B9  _PT0                               asgn2_2
     000000BA  G$PX1$0$0                          asgn2_2
     000000BA  _PX1                               asgn2_2
     000000BB  G$PT1$0$0                          asgn2_2
     000000BB  _PT1                               asgn2_2
     000000BC  G$PS$0$0                           asgn2_2
     000000BC  _PS                                asgn2_2
     000000BD  G$PT2$0$0                          asgn2_2
     000000BD  _PT2                               asgn2_2
     000000C8  G$CP_RL2$0$0                       asgn2_2
     000000C8  G$T2CON$0$0                        asgn2_2
     000000C8  G$T2CON_0$0$0                      asgn2_2
     000000C8  _CP_RL2                            asgn2_2
     000000C8  _T2CON                             asgn2_2
     000000C8  _T2CON_0                           asgn2_2
     000000C9  G$C_T2$0$0                         asgn2_2
     000000C9  G$T2CON_1$0$0                      asgn2_2
     000000C9  G$T2MOD$0$0                        asgn2_2
     000000C9  _C_T2                              asgn2_2
     000000C9  _T2CON_1                           asgn2_2
     000000C9  _T2MOD                             asgn2_2
     000000CA  G$RCAP2L$0$0                       asgn2_2
     000000CA  G$T2CON_2$0$0                      asgn2_2
     000000CA  G$TR2$0$0                          asgn2_2
     000000CA  _RCAP2L                            asgn2_2
     000000CA  _T2CON_2                           asgn2_2
     000000CA  _TR2                               asgn2_2
     000000CB  G$EXEN2$0$0                        asgn2_2
     000000CB  G$RCAP2H$0$0                       asgn2_2
     000000CB  G$T2CON_3$0$0                      asgn2_2
     000000CB  _EXEN2                             asgn2_2
     000000CB  _RCAP2H                            asgn2_2
ASxxxx Linker V03.00 + NoICE + sdld,  page 7.
Hexadecimal  [32-Bits]

Area                                    Addr        Size        Decimal Bytes (Attributes)
--------------------------------        ----        ----        ------- ----- ------------
.  .ABS.                            00000000    00000000 =           0. bytes (ABS,CON)

      Value  Global                              Global Defined In Module
      -----  --------------------------------   ------------------------
     000000CB  _T2CON_3                           asgn2_2
     000000CC  G$T2CON_4$0$0                      asgn2_2
     000000CC  G$TCLK$0$0                         asgn2_2
     000000CC  G$TL2$0$0                          asgn2_2
     000000CC  _T2CON_4                           asgn2_2
     000000CC  _TCLK                              asgn2_2
     000000CC  _TL2                               asgn2_2
     000000CD  G$RCLK$0$0                         asgn2_2
     000000CD  G$T2CON_5$0$0                      asgn2_2
     000000CD  G$TH2$0$0                          asgn2_2
     000000CD  _RCLK                              asgn2_2
     000000CD  _T2CON_5                           asgn2_2
     000000CD  _TH2                               asgn2_2
     000000CE  G$EXF2$0$0                         asgn2_2
     000000CE  G$T2CON_6$0$0                      asgn2_2
     000000CE  _EXF2                              asgn2_2
     000000CE  _T2CON_6                           asgn2_2
     000000CF  G$T2CON_7$0$0                      asgn2_2
     000000CF  G$TF2$0$0                          asgn2_2
     000000CF  _T2CON_7                           asgn2_2
     000000CF  _TF2                               asgn2_2
     000000D0  G$P$0$0                            asgn2_2
     000000D0  G$PSW$0$0                          asgn2_2
     000000D0  _P                                 asgn2_2
     000000D0  _PSW                               asgn2_2
     000000D1  G$FL$0$0                           asgn2_2
     000000D1  _FL                                asgn2_2
     000000D2  G$OV$0$0                           asgn2_2
     000000D2  _OV                                asgn2_2
     000000D3  G$RS0$0$0                          asgn2_2
     000000D3  _RS0                               asgn2_2
     000000D4  G$RS1$0$0                          asgn2_2
     000000D4  _RS1                               asgn2_2
     000000D5  G$F0$0$0                           asgn2_2
     000000D5  _F0                                asgn2_2
     000000D6  G$AC$0$0                           asgn2_2
     000000D6  _AC                                asgn2_2
     000000D7  G$CY$0$0                           asgn2_2
     000000D7  _CY                                asgn2_2
     000000E0  G$A$0$0                            asgn2_2
     000000E0  G$ACC$0$0                          asgn2_2
     000000E0  _A                                 asgn2_2
     000000E0  _ACC                               asgn2_2
     000000F0  G$B$0$0                            asgn2_2
     000000F0  _B                                 asgn2_2

ASxxxx Linker V03.00 + NoICE + sdld,  page 8.
Hexadecimal  [32-Bits]

Area                                    Addr        Size        Decimal Bytes (Attributes)
--------------------------------        ----        ----        ------- ----- ------------
REG_BANK_0                          00000000    00000008 =           8. bytes (REL,OVR)

      Value  Global                              Global Defined In Module
      -----  --------------------------------   ------------------------
ASxxxx Linker V03.00 + NoICE + sdld,  page 9.
Hexadecimal  [32-Bits]

Area                                    Addr        Size        Decimal Bytes (Attributes)
--------------------------------        ----        ----        ------- ----- ------------
DSEG                                00000000    00000080 =         128. bytes (REL,CON)

      Value  Global                              Global Defined In Module
      -----  --------------------------------   ------------------------
ASxxxx Linker V03.00 + NoICE + sdld,  page 10.
Hexadecimal  [32-Bits]

Area                                    Addr        Size        Decimal Bytes (Attributes)
--------------------------------        ----        ----        ------- ----- ------------
OSEG                                00000008    00000002 =           2. bytes (REL,OVR)

      Value  Global                              Global Defined In Module
      -----  --------------------------------   ------------------------
     00000008  __divsint_PARM_2                   _divuint
     00000008  __divuint_PARM_2                   _divuint
     00000008  __modsint_PARM_2                   _moduint
     00000008  __moduint_PARM_2                   _moduint

ASxxxx Linker V03.00 + NoICE + sdld,  page 11.
Hexadecimal  [32-Bits]

Area                                    Addr        Size        Decimal Bytes (Attributes)
--------------------------------        ----        ----        ------- ----- ------------
SSEG                                0000000A    000000F6 =         246. bytes (REL,OVR)

      Value  Global                              Global Defined In Module
      -----  --------------------------------   ------------------------
     0000000A  __start__stack                     asgn2_2

ASxxxx Linker V03.00 + NoICE + sdld,  page 12.
Hexadecimal  [32-Bits]

Area                                    Addr        Size        Decimal Bytes (Attributes)
--------------------------------        ----        ----        ------- ----- ------------
HOME                                00000000    00000006 =           6. bytes (REL,CON,CODE)

      Value  Global                              Global Defined In Module
      -----  --------------------------------   ------------------------
C:   00000000  A$asgn2_2$459                      asgn2_2
C:   00000003  A$asgn2_2$481                      asgn2_2
C:   00000003  __sdcc_program_startup             asgn2_2
ASxxxx Linker V03.00 + NoICE + sdld,  page 13.
Hexadecimal  [32-Bits]

Area                                    Addr        Size        Decimal Bytes (Attributes)
--------------------------------        ----        ----        ------- ----- ------------
GSINIT0                             00000006    00000003 =           3. bytes (REL,CON,CODE)

      Value  Global                              Global Defined In Module
      -----  --------------------------------   ------------------------
C:   00000006  __sdcc_gsinit_startup              

ASxxxx Linker V03.00 + NoICE + sdld,  page 14.
Hexadecimal  [32-Bits]

Area                                    Addr        Size        Decimal Bytes (Attributes)
--------------------------------        ----        ----        ------- ----- ------------
GSINIT2                             00000009    0000000A =          10. bytes (REL,CON,CODE)

      Value  Global                              Global Defined In Module
      -----  --------------------------------   ------------------------
ASxxxx Linker V03.00 + NoICE + sdld,  page 15.
Hexadecimal  [32-Bits]

Area                                    Addr        Size        Decimal Bytes (Attributes)
--------------------------------        ----        ----        ------- ----- ------------
GSINIT3                             00000013    00000022 =          34. bytes (REL,CON,CODE)

      Value  Global                              Global Defined In Module
      -----  --------------------------------   ------------------------
C:   00000013  __mcs51_genXINIT                   

ASxxxx Linker V03.00 + NoICE + sdld,  page 16.
Hexadecimal  [32-Bits]

Area                                    Addr        Size        Decimal Bytes (Attributes)
--------------------------------        ----        ----        ------- ----- ------------
GSINIT4                             00000035    0000002A =          42. bytes (REL,CON,CODE)

      Value  Global                              Global Defined In Module
      -----  --------------------------------   ------------------------
C:   00000035  __mcs51_genRAMCLEAR                
C:   0000003B  __mcs51_genXRAMCLEAR               

ASxxxx Linker V03.00 + NoICE + sdld,  page 17.
Hexadecimal  [32-Bits]

Area                                    Addr        Size        Decimal Bytes (Attributes)
--------------------------------        ----        ----        ------- ----- ------------
GSFINAL                             0000005F    00000003 =           3. bytes (REL,CON,CODE)

      Value  Global                              Global Defined In Module
      -----  --------------------------------   ------------------------
C:   0000005F  A$asgn2_2$474                      asgn2_2

ASxxxx Linker V03.00 + NoICE + sdld,  page 18.
Hexadecimal  [32-Bits]

Area                                    Addr        Size        Decimal Bytes (Attributes)
--------------------------------        ----        ----        ------- ----- ------------
CSEG                                00000062    00000274 =         628. bytes (REL,CON,CODE)

      Value  Global                              Global Defined In Module
      -----  --------------------------------   ------------------------
C:   00000062  A$asgn2_2$507                      asgn2_2
C:   00000062  C$asgn2_2.c$4$0$0                  asgn2_2
C:   00000062  C$asgn2_2.c$6$1$1                  asgn2_2
C:   00000062  G$t0Delay$0$0                      asgn2_2
C:   00000062  _t0Delay                           asgn2_2
C:   00000065  A$asgn2_2$510                      asgn2_2
C:   00000065  C$asgn2_2.c$7$1$1                  asgn2_2
C:   00000068  A$asgn2_2$513                      asgn2_2
C:   00000068  C$asgn2_2.c$8$1$1                  asgn2_2
C:   0000006B  A$asgn2_2$516                      asgn2_2
C:   0000006B  C$asgn2_2.c$9$1$1                  asgn2_2
C:   0000006D  A$asgn2_2$520                      asgn2_2
C:   0000006D  C$asgn2_2.c$10$1$1                 asgn2_2
C:   00000070  A$asgn2_2$523                      asgn2_2
C:   00000070  C$asgn2_2.c$11$1$1                 asgn2_2
C:   00000072  A$asgn2_2$526                      asgn2_2
C:   00000072  C$asgn2_2.c$12$1$1                 asgn2_2
C:   00000074  A$asgn2_2$529                      asgn2_2
C:   00000074  C$asgn2_2.c$13$1$1                 asgn2_2
C:   00000074  XG$t0Delay$0$0                     asgn2_2
C:   00000075  A$asgn2_2$542                      asgn2_2
C:   00000075  C$asgn2_2.c$16$1$1                 asgn2_2
C:   00000075  G$setSegment$0$0                   asgn2_2
C:   00000075  _setSegment                        asgn2_2
C:   00000077  A$asgn2_2$543                      asgn2_2
C:   00000079  A$asgn2_2$546                      asgn2_2
C:   00000079  C$asgn2_2.c$18$1$3                 asgn2_2
C:   0000007A  A$asgn2_2$547                      asgn2_2
C:   0000007B  A$asgn2_2$548                      asgn2_2
C:   0000007D  A$asgn2_2$551                      asgn2_2
C:   0000007D  C$asgn2_2.c$20$2$4                 asgn2_2
C:   0000007F  A$asgn2_2$554                      asgn2_2
C:   0000007F  C$asgn2_2.c$21$2$4                 asgn2_2
C:   00000081  A$asgn2_2$557                      asgn2_2
C:   00000081  C$asgn2_2.c$22$2$4                 asgn2_2
C:   00000083  A$asgn2_2$560                      asgn2_2
C:   00000083  C$asgn2_2.c$23$2$4                 asgn2_2
C:   00000085  A$asgn2_2$563                      asgn2_2
C:   00000085  C$asgn2_2.c$24$2$4                 asgn2_2
C:   00000087  A$asgn2_2$566                      asgn2_2
C:   00000087  C$asgn2_2.c$25$2$4                 asgn2_2
C:   00000089  A$asgn2_2$569                      asgn2_2
C:   00000089  C$asgn2_2.c$26$2$4                 asgn2_2
C:   0000008B  A$asgn2_2$570                      asgn2_2
C:   0000008E  A$asgn2_2$574                      asgn2_2
C:   0000008E  C$asgn2_2.c$28$1$3                 asgn2_2
C:   00000091  A$asgn2_2$575                      asgn2_2
C:   00000094  A$asgn2_2$578                      asgn2_2
C:   00000094  C$asgn2_2.c$30$2$5                 asgn2_2
C:   00000096  A$asgn2_2$581                      asgn2_2
ASxxxx Linker V03.00 + NoICE + sdld,  page 19.
Hexadecimal  [32-Bits]

Area                                    Addr        Size        Decimal Bytes (Attributes)
--------------------------------        ----        ----        ------- ----- ------------
CSEG                                00000062    00000274 =         628. bytes (REL,CON,CODE)

      Value  Global                              Global Defined In Module
      -----  --------------------------------   ------------------------
C:   00000096  C$asgn2_2.c$31$2$5                 asgn2_2
C:   00000098  A$asgn2_2$584                      asgn2_2
C:   00000098  C$asgn2_2.c$32$2$5                 asgn2_2
C:   0000009A  A$asgn2_2$587                      asgn2_2
C:   0000009A  C$asgn2_2.c$33$2$5                 asgn2_2
C:   0000009C  A$asgn2_2$590                      asgn2_2
C:   0000009C  C$asgn2_2.c$34$2$5                 asgn2_2
C:   0000009E  A$asgn2_2$593                      asgn2_2
C:   0000009E  C$asgn2_2.c$35$2$5                 asgn2_2
C:   000000A0  A$asgn2_2$596                      asgn2_2
C:   000000A0  C$asgn2_2.c$36$2$5                 asgn2_2
C:   000000A2  A$asgn2_2$597                      asgn2_2
C:   000000A5  A$asgn2_2$601                      asgn2_2
C:   000000A5  C$asgn2_2.c$38$1$3                 asgn2_2
C:   000000A8  A$asgn2_2$602                      asgn2_2
C:   000000AB  A$asgn2_2$605                      asgn2_2
C:   000000AB  C$asgn2_2.c$40$2$6                 asgn2_2
C:   000000AD  A$asgn2_2$608                      asgn2_2
C:   000000AD  C$asgn2_2.c$41$2$6                 asgn2_2
C:   000000AF  A$asgn2_2$611                      asgn2_2
C:   000000AF  C$asgn2_2.c$42$2$6                 asgn2_2
C:   000000B1  A$asgn2_2$614                      asgn2_2
C:   000000B1  C$asgn2_2.c$43$2$6                 asgn2_2
C:   000000B3  A$asgn2_2$617                      asgn2_2
C:   000000B3  C$asgn2_2.c$44$2$6                 asgn2_2
C:   000000B5  A$asgn2_2$620                      asgn2_2
C:   000000B5  C$asgn2_2.c$45$2$6                 asgn2_2
C:   000000B7  A$asgn2_2$623                      asgn2_2
C:   000000B7  C$asgn2_2.c$46$2$6                 asgn2_2
C:   000000B9  A$asgn2_2$624                      asgn2_2
C:   000000BC  A$asgn2_2$628                      asgn2_2
C:   000000BC  C$asgn2_2.c$48$1$3                 asgn2_2
C:   000000BF  A$asgn2_2$629                      asgn2_2
C:   000000C2  A$asgn2_2$632                      asgn2_2
C:   000000C2  C$asgn2_2.c$50$2$7                 asgn2_2
C:   000000C4  A$asgn2_2$635                      asgn2_2
C:   000000C4  C$asgn2_2.c$51$2$7                 asgn2_2
C:   000000C6  A$asgn2_2$638                      asgn2_2
C:   000000C6  C$asgn2_2.c$52$2$7                 asgn2_2
C:   000000C8  A$asgn2_2$641                      asgn2_2
C:   000000C8  C$asgn2_2.c$53$2$7                 asgn2_2
C:   000000CA  A$asgn2_2$644                      asgn2_2
C:   000000CA  C$asgn2_2.c$54$2$7                 asgn2_2
C:   000000CC  A$asgn2_2$647                      asgn2_2
C:   000000CC  C$asgn2_2.c$55$2$7                 asgn2_2
C:   000000CE  A$asgn2_2$650                      asgn2_2
C:   000000CE  C$asgn2_2.c$56$2$7                 asgn2_2
C:   000000D0  A$asgn2_2$651                      asgn2_2
C:   000000D3  A$asgn2_2$655                      asgn2_2
C:   000000D3  C$asgn2_2.c$58$1$3                 asgn2_2
C:   000000D6  A$asgn2_2$656                      asgn2_2
ASxxxx Linker V03.00 + NoICE + sdld,  page 20.
Hexadecimal  [32-Bits]

Area                                    Addr        Size        Decimal Bytes (Attributes)
--------------------------------        ----        ----        ------- ----- ------------
CSEG                                00000062    00000274 =         628. bytes (REL,CON,CODE)

      Value  Global                              Global Defined In Module
      -----  --------------------------------   ------------------------
C:   000000D9  A$asgn2_2$659                      asgn2_2
C:   000000D9  C$asgn2_2.c$60$2$8                 asgn2_2
C:   000000DB  A$asgn2_2$662                      asgn2_2
C:   000000DB  C$asgn2_2.c$61$2$8                 asgn2_2
C:   000000DD  A$asgn2_2$665                      asgn2_2
C:   000000DD  C$asgn2_2.c$62$2$8                 asgn2_2
C:   000000DF  A$asgn2_2$668                      asgn2_2
C:   000000DF  C$asgn2_2.c$63$2$8                 asgn2_2
C:   000000E1  A$asgn2_2$671                      asgn2_2
C:   000000E1  C$asgn2_2.c$64$2$8                 asgn2_2
C:   000000E3  A$asgn2_2$674                      asgn2_2
C:   000000E3  C$asgn2_2.c$65$2$8                 asgn2_2
C:   000000E5  A$asgn2_2$677                      asgn2_2
C:   000000E5  C$asgn2_2.c$66$2$8                 asgn2_2
C:   000000E7  A$asgn2_2$678                      asgn2_2
C:   000000EA  A$asgn2_2$682                      asgn2_2
C:   000000EA  C$asgn2_2.c$68$1$3                 asgn2_2
C:   000000ED  A$asgn2_2$683                      asgn2_2
C:   000000F0  A$asgn2_2$686                      asgn2_2
C:   000000F0  C$asgn2_2.c$70$2$9                 asgn2_2
C:   000000F2  A$asgn2_2$689                      asgn2_2
C:   000000F2  C$asgn2_2.c$71$2$9                 asgn2_2
C:   000000F4  A$asgn2_2$692                      asgn2_2
C:   000000F4  C$asgn2_2.c$72$2$9                 asgn2_2
C:   000000F6  A$asgn2_2$695                      asgn2_2
C:   000000F6  C$asgn2_2.c$73$2$9                 asgn2_2
C:   000000F8  A$asgn2_2$698                      asgn2_2
C:   000000F8  C$asgn2_2.c$74$2$9                 asgn2_2
C:   000000FA  A$asgn2_2$701                      asgn2_2
C:   000000FA  C$asgn2_2.c$75$2$9                 asgn2_2
C:   000000FC  A$asgn2_2$704                      asgn2_2
C:   000000FC  C$asgn2_2.c$76$2$9                 asgn2_2
C:   000000FE  A$asgn2_2$705                      asgn2_2
C:   00000100  A$asgn2_2$709                      asgn2_2
C:   00000100  C$asgn2_2.c$78$1$3                 asgn2_2
C:   00000103  A$asgn2_2$710                      asgn2_2
C:   00000106  A$asgn2_2$713                      asgn2_2
C:   00000106  C$asgn2_2.c$80$2$10                asgn2_2
C:   00000108  A$asgn2_2$716                      asgn2_2
C:   00000108  C$asgn2_2.c$81$2$10                asgn2_2
C:   0000010A  A$asgn2_2$719                      asgn2_2
C:   0000010A  C$asgn2_2.c$82$2$10                asgn2_2
C:   0000010C  A$asgn2_2$722                      asgn2_2
C:   0000010C  C$asgn2_2.c$83$2$10                asgn2_2
C:   0000010E  A$asgn2_2$725                      asgn2_2
C:   0000010E  C$asgn2_2.c$84$2$10                asgn2_2
C:   00000110  A$asgn2_2$728                      asgn2_2
C:   00000110  C$asgn2_2.c$85$2$10                asgn2_2
C:   00000112  A$asgn2_2$731                      asgn2_2
C:   00000112  C$asgn2_2.c$86$2$10                asgn2_2
C:   00000114  A$asgn2_2$732                      asgn2_2
ASxxxx Linker V03.00 + NoICE + sdld,  page 21.
Hexadecimal  [32-Bits]

Area                                    Addr        Size        Decimal Bytes (Attributes)
--------------------------------        ----        ----        ------- ----- ------------
CSEG                                00000062    00000274 =         628. bytes (REL,CON,CODE)

      Value  Global                              Global Defined In Module
      -----  --------------------------------   ------------------------
C:   00000116  A$asgn2_2$736                      asgn2_2
C:   00000116  C$asgn2_2.c$88$1$3                 asgn2_2
C:   00000119  A$asgn2_2$737                      asgn2_2
C:   0000011C  A$asgn2_2$740                      asgn2_2
C:   0000011C  C$asgn2_2.c$90$2$11                asgn2_2
C:   0000011E  A$asgn2_2$743                      asgn2_2
C:   0000011E  C$asgn2_2.c$91$2$11                asgn2_2
C:   00000120  A$asgn2_2$746                      asgn2_2
C:   00000120  C$asgn2_2.c$92$2$11                asgn2_2
C:   00000122  A$asgn2_2$749                      asgn2_2
C:   00000122  C$asgn2_2.c$93$2$11                asgn2_2
C:   00000124  A$asgn2_2$752                      asgn2_2
C:   00000124  C$asgn2_2.c$94$2$11                asgn2_2
C:   00000126  A$asgn2_2$755                      asgn2_2
C:   00000126  C$asgn2_2.c$95$2$11                asgn2_2
C:   00000128  A$asgn2_2$758                      asgn2_2
C:   00000128  C$asgn2_2.c$96$2$11                asgn2_2
C:   0000012A  A$asgn2_2$759                      asgn2_2
C:   0000012C  A$asgn2_2$763                      asgn2_2
C:   0000012C  C$asgn2_2.c$98$1$3                 asgn2_2
C:   0000012F  A$asgn2_2$764                      asgn2_2
C:   00000132  A$asgn2_2$767                      asgn2_2
C:   00000132  C$asgn2_2.c$100$2$12               asgn2_2
C:   00000134  A$asgn2_2$770                      asgn2_2
C:   00000134  C$asgn2_2.c$101$2$12               asgn2_2
C:   00000136  A$asgn2_2$773                      asgn2_2
C:   00000136  C$asgn2_2.c$102$2$12               asgn2_2
C:   00000138  A$asgn2_2$776                      asgn2_2
C:   00000138  C$asgn2_2.c$103$2$12               asgn2_2
C:   0000013A  A$asgn2_2$779                      asgn2_2
C:   0000013A  C$asgn2_2.c$104$2$12               asgn2_2
C:   0000013C  A$asgn2_2$782                      asgn2_2
C:   0000013C  C$asgn2_2.c$105$2$12               asgn2_2
C:   0000013E  A$asgn2_2$785                      asgn2_2
C:   0000013E  C$asgn2_2.c$106$2$12               asgn2_2
C:   00000140  A$asgn2_2$786                      asgn2_2
C:   00000142  A$asgn2_2$790                      asgn2_2
C:   00000142  C$asgn2_2.c$108$1$3                asgn2_2
C:   00000145  A$asgn2_2$791                      asgn2_2
C:   00000148  A$asgn2_2$794                      asgn2_2
C:   00000148  C$asgn2_2.c$110$2$13               asgn2_2
C:   0000014A  A$asgn2_2$797                      asgn2_2
C:   0000014A  C$asgn2_2.c$111$2$13               asgn2_2
C:   0000014C  A$asgn2_2$800                      asgn2_2
C:   0000014C  C$asgn2_2.c$112$2$13               asgn2_2
C:   0000014E  A$asgn2_2$803                      asgn2_2
C:   0000014E  C$asgn2_2.c$113$2$13               asgn2_2
C:   00000150  A$asgn2_2$806                      asgn2_2
C:   00000150  C$asgn2_2.c$114$2$13               asgn2_2
C:   00000152  A$asgn2_2$809                      asgn2_2
C:   00000152  C$asgn2_2.c$115$2$13               asgn2_2
ASxxxx Linker V03.00 + NoICE + sdld,  page 22.
Hexadecimal  [32-Bits]

Area                                    Addr        Size        Decimal Bytes (Attributes)
--------------------------------        ----        ----        ------- ----- ------------
CSEG                                00000062    00000274 =         628. bytes (REL,CON,CODE)

      Value  Global                              Global Defined In Module
      -----  --------------------------------   ------------------------
C:   00000154  A$asgn2_2$812                      asgn2_2
C:   00000154  C$asgn2_2.c$116$2$13               asgn2_2
C:   00000156  A$asgn2_2$816                      asgn2_2
C:   00000156  C$asgn2_2.c$118$1$3                asgn2_2
C:   00000156  XG$setSegment$0$0                  asgn2_2
C:   00000157  A$asgn2_2$833                      asgn2_2
C:   00000157  C$asgn2_2.c$120$1$3                asgn2_2
C:   00000157  C$asgn2_2.c$123$1$15               asgn2_2
C:   00000157  G$display$0$0                      asgn2_2
C:   00000157  _display                           asgn2_2
C:   00000159  A$asgn2_2$834                      asgn2_2
C:   0000015B  A$asgn2_2$835                      asgn2_2
C:   0000015E  A$asgn2_2$836                      asgn2_2
C:   00000161  A$asgn2_2$837                      asgn2_2
C:   00000163  A$asgn2_2$838                      asgn2_2
C:   00000165  A$asgn2_2$839                      asgn2_2
C:   00000168  A$asgn2_2$842                      asgn2_2
C:   00000168  C$asgn2_2.c$124$1$15               asgn2_2
C:   0000016B  A$asgn2_2$845                      asgn2_2
C:   0000016B  C$asgn2_2.c$125$1$15               asgn2_2
C:   0000016D  A$asgn2_2$848                      asgn2_2
C:   0000016D  C$asgn2_2.c$126$1$15               asgn2_2
C:   0000016F  A$asgn2_2$851                      asgn2_2
C:   0000016F  C$asgn2_2.c$127$1$15               asgn2_2
C:   00000172  A$asgn2_2$852                      asgn2_2
C:   00000174  A$asgn2_2$853                      asgn2_2
C:   00000176  A$asgn2_2$856                      asgn2_2
C:   00000176  C$asgn2_2.c$128$1$15               asgn2_2
C:   00000179  A$asgn2_2$857                      asgn2_2
C:   0000017C  A$asgn2_2$858                      asgn2_2
C:   0000017E  A$asgn2_2$859                      asgn2_2
C:   00000180  A$asgn2_2$860                      asgn2_2
C:   00000183  A$asgn2_2$863                      asgn2_2
C:   00000183  C$asgn2_2.c$129$1$15               asgn2_2
C:   00000186  A$asgn2_2$866                      asgn2_2
C:   00000186  C$asgn2_2.c$130$1$15               asgn2_2
C:   00000188  A$asgn2_2$869                      asgn2_2
C:   00000188  C$asgn2_2.c$131$1$15               asgn2_2
C:   0000018A  A$asgn2_2$872                      asgn2_2
C:   0000018A  C$asgn2_2.c$132$1$15               asgn2_2
C:   0000018D  A$asgn2_2$875                      asgn2_2
C:   0000018D  C$asgn2_2.c$133$1$15               asgn2_2
C:   0000018D  XG$display$0$0                     asgn2_2
C:   0000018E  A$asgn2_2$888                      asgn2_2
C:   0000018E  C$asgn2_2.c$136$1$15               asgn2_2
C:   0000018E  C$asgn2_2.c$138$1$16               asgn2_2
C:   0000018E  G$t0Delay56ms$0$0                  asgn2_2
C:   0000018E  _t0Delay56ms                       asgn2_2
C:   00000191  A$asgn2_2$891                      asgn2_2
C:   00000191  C$asgn2_2.c$139$1$16               asgn2_2
C:   00000194  A$asgn2_2$894                      asgn2_2
ASxxxx Linker V03.00 + NoICE + sdld,  page 23.
Hexadecimal  [32-Bits]

Area                                    Addr        Size        Decimal Bytes (Attributes)
--------------------------------        ----        ----        ------- ----- ------------
CSEG                                00000062    00000274 =         628. bytes (REL,CON,CODE)

      Value  Global                              Global Defined In Module
      -----  --------------------------------   ------------------------
C:   00000194  C$asgn2_2.c$140$1$16               asgn2_2
C:   00000197  A$asgn2_2$897                      asgn2_2
C:   00000197  C$asgn2_2.c$141$1$16               asgn2_2
C:   00000199  A$asgn2_2$901                      asgn2_2
C:   00000199  C$asgn2_2.c$142$1$16               asgn2_2
C:   0000019C  A$asgn2_2$904                      asgn2_2
C:   0000019C  C$asgn2_2.c$143$1$16               asgn2_2
C:   0000019E  A$asgn2_2$907                      asgn2_2
C:   0000019E  C$asgn2_2.c$144$1$16               asgn2_2
C:   000001A0  A$asgn2_2$910                      asgn2_2
C:   000001A0  C$asgn2_2.c$145$1$16               asgn2_2
C:   000001A0  XG$t0Delay56ms$0$0                 asgn2_2
C:   000001A1  A$asgn2_2$925                      asgn2_2
C:   000001A1  C$asgn2_2.c$159$1$16               asgn2_2
C:   000001A1  C$asgn2_2.c$161$1$16               asgn2_2
C:   000001A1  G$main$0$0                         asgn2_2
C:   000001A1  _main                              asgn2_2
C:   000001A3  A$asgn2_2$926                      asgn2_2
C:   000001A5  A$asgn2_2$929                      asgn2_2
C:   000001A5  C$asgn2_2.c$162$1$18               asgn2_2
C:   000001A8  A$asgn2_2$930                      asgn2_2
C:   000001AA  A$asgn2_2$931                      asgn2_2
C:   000001AC  A$asgn2_2$932                      asgn2_2
C:   000001AF  A$asgn2_2$933                      asgn2_2
C:   000001B1  A$asgn2_2$934                      asgn2_2
C:   000001B3  A$asgn2_2$940                      asgn2_2
C:   000001B3  C$asgn2_2.c$163$1$18               asgn2_2
C:   000001B3  C$asgn2_2.c$165$2$19               asgn2_2
C:   000001B6  A$asgn2_2$943                      asgn2_2
C:   000001B6  C$asgn2_2.c$167$3$20               asgn2_2
C:   000001B7  A$asgn2_2$944                      asgn2_2
C:   000001BA  A$asgn2_2$945                      asgn2_2
C:   000001BB  A$asgn2_2$949                      asgn2_2
C:   000001BB  C$asgn2_2.c$168$1$18               asgn2_2
C:   000001BE  A$asgn2_2$950                      asgn2_2
C:   000001C1  A$asgn2_2$951                      asgn2_2
C:   000001C3  A$asgn2_2$952                      asgn2_2
C:   000001C5  A$asgn2_2$953                      asgn2_2
C:   000001C8  A$asgn2_2$954                      asgn2_2
C:   000001CA  A$asgn2_2$955                      asgn2_2
C:   000001CC  A$asgn2_2$958                      asgn2_2
C:   000001CC  C$asgn2_2.c$169$3$20               asgn2_2
C:   000001CE  A$asgn2_2$959                      asgn2_2
C:   000001D0  A$asgn2_2$960                      asgn2_2
C:   000001D3  A$asgn2_2$961                      asgn2_2
C:   000001D5  A$asgn2_2$962                      asgn2_2
C:   000001D7  A$asgn2_2$966                      asgn2_2
C:   000001D7  C$asgn2_2.c$170$3$20               asgn2_2
C:   000001DA  A$asgn2_2$967                      asgn2_2
C:   000001DC  A$asgn2_2$971                      asgn2_2
C:   000001DC  C$asgn2_2.c$173$2$19               asgn2_2
ASxxxx Linker V03.00 + NoICE + sdld,  page 24.
Hexadecimal  [32-Bits]

Area                                    Addr        Size        Decimal Bytes (Attributes)
--------------------------------        ----        ----        ------- ----- ------------
CSEG                                00000062    00000274 =         628. bytes (REL,CON,CODE)

      Value  Global                              Global Defined In Module
      -----  --------------------------------   ------------------------
C:   000001DE  A$asgn2_2$972                      asgn2_2
C:   000001E0  A$asgn2_2$973                      asgn2_2
C:   000001E2  A$asgn2_2$974                      asgn2_2
C:   000001E4  A$asgn2_2$975                      asgn2_2
C:   000001E7  A$asgn2_2$976                      asgn2_2
C:   000001E9  A$asgn2_2$977                      asgn2_2
C:   000001EB  A$asgn2_2$978                      asgn2_2
C:   000001ED  A$asgn2_2$981                      asgn2_2
C:   000001ED  C$asgn2_2.c$176$1$18               asgn2_2
C:   000001ED  XG$main$0$0                        asgn2_2
C:   000001EE  __moduint                          _moduint
C:   0000023B  __divuint                          _divuint
C:   00000264  __modsint                          _modsint
C:   0000029A  __divsint                          _divsint
C:   000002D2  __sdcc_external_startup            _startup

ASxxxx Linker V03.00 + NoICE + sdld,  page 25.

Files Linked                              [ module(s) ]

asgn2_2.rel                               [  ]


Libraries Linked                          [ object file ]

C:\Program Files\SDCC\bin\..\lib\small/mcs51.lib
                                          [ crtclear.rel ]
C:\Program Files\SDCC\bin\..\lib\small/mcs51.lib
                                          [ crtxinit.rel ]
C:\Program Files\SDCC\bin\..\lib\small/libint.lib
                                          [ _moduint.rel ]
C:\Program Files\SDCC\bin\..\lib\small/mcs51.lib
                                          [ crtxclear.rel ]
C:\Program Files\SDCC\bin\..\lib\small/libint.lib
                                          [ _divuint.rel ]
C:\Program Files\SDCC\bin\..\lib\small/mcs51.lib
                                          [ crtpagesfr.rel ]
C:\Program Files\SDCC\bin\..\lib\small/mcs51.lib
                                          [ crtstart.rel ]
C:\Program Files\SDCC\bin\..\lib\small/libint.lib
                                          [ _modsint.rel ]
C:\Program Files\SDCC\bin\..\lib\small/libint.lib
                                          [ _divsint.rel ]
C:\Program Files\SDCC\bin\..\lib\small/libsdcc.lib
                                          [ _startup.rel ]

ASxxxx Linker V03.00 + NoICE + sdld,  page 26.

User Base Address Definitions

HOME = 0x0000
XSEG = 0x0001
PSEG = 0x0001
ISEG = 0x0000
BSEG = 0x0000

